\BOOKMARK [0][-]{chapter.1}{\376\377\000W\000e\000l\000c\000o\000m\000e\000\040\000t\000o\000\040\000K\000M\000a\000P}{}% 1
\BOOKMARK [1][-]{section.1.1}{\376\377\000W\000h\000a\000t\000\040\000i\000s\000\040\000K\000M\000a\000P\000?}{chapter.1}% 2
\BOOKMARK [1][-]{section.1.2}{\376\377\000R\000e\000s\000o\000u\000r\000c\000e\000\040\000T\000y\000p\000e\000s}{chapter.1}% 3
\BOOKMARK [2][-]{subsection.1.2.1}{\376\377\000D\000a\000t\000a\000s\000e\000t}{section.1.2}% 4
\BOOKMARK [2][-]{subsection.1.2.2}{\376\377\000D\000o\000c\000u\000m\000e\000n\000t}{section.1.2}% 5
\BOOKMARK [2][-]{subsection.1.2.3}{\376\377\000M\000a\000p}{section.1.2}% 6
\BOOKMARK [2][-]{subsection.1.2.4}{\376\377\000G\000e\000o\000S\000t\000o\000r\000y}{section.1.2}% 7
\BOOKMARK [2][-]{subsection.1.2.5}{\376\377\000D\000a\000s\000h\000b\000o\000a\000r\000d}{section.1.2}% 8
\BOOKMARK [1][-]{section.1.3}{\376\377\000I\000n\000t\000e\000r\000o\000p\000e\000r\000a\000b\000l\000e\000\040\000S\000e\000r\000v\000i\000c\000e\000s}{chapter.1}% 9
\BOOKMARK [1][-]{section.1.4}{\376\377\000T\000h\000e\000m\000e\000s\000\040\000A\000v\000a\000i\000l\000a\000b\000l\000e\000\040\000o\000n\000\040\000K\000M\000a\000P}{chapter.1}% 10
\BOOKMARK [0][-]{chapter.2}{\376\377\000H\000o\000w\000\040\000t\000o\000\040\000F\000i\000n\000d\000\040\000a\000n\000d\000\040\000V\000i\000s\000u\000a\000l\000i\000s\000e\000\040\000Y\000o\000u\000r\000\040\000D\000a\000t\000a}{}% 11
\BOOKMARK [1][-]{section.2.1}{\376\377\000A\000c\000c\000e\000s\000s\000i\000n\000g\000\040\000t\000h\000e\000\040\000C\000a\000t\000a\000l\000o\000g\000u\000e}{chapter.2}% 12
\BOOKMARK [1][-]{section.2.2}{\376\377\000F\000i\000l\000t\000e\000r\000i\000n\000g\000\040\000a\000n\000d\000\040\000S\000e\000a\000r\000c\000h\000i\000n\000g\000\040\000t\000h\000e\000\040\000C\000a\000t\000a\000l\000o\000g\000u\000e}{chapter.2}% 13
\BOOKMARK [2][-]{subsection.2.2.1}{\376\377\000U\000s\000i\000n\000g\000\040\000t\000h\000e\000\040\000S\000e\000a\000r\000c\000h\000\040\000B\000a\000r}{section.2.2}% 14
\BOOKMARK [2][-]{subsection.2.2.2}{\376\377\000U\000s\000i\000n\000g\000\040\000F\000i\000l\000t\000e\000r\000s}{section.2.2}% 15
\BOOKMARK [1][-]{section.2.3}{\376\377\000S\000t\000e\000p\000-\000b\000y\000-\000S\000t\000e\000p\000\040\000E\000x\000a\000m\000p\000l\000e\000:\000\040\000F\000i\000n\000d\000i\000n\000g\000\040\000a\000\040\000P\000e\000l\000a\000g\000o\000s\000\040\000D\000a\000t\000a\000s\000e\000t}{chapter.2}% 16
\BOOKMARK [2][-]{subsection.2.3.1}{\376\377\000S\000t\000e\000p\000\040\0001\000\040\040\023\000\040\000O\000p\000e\000n\000\040\000t\000h\000e\000\040\000c\000a\000t\000a\000l\000o\000g\000u\000e}{section.2.3}% 17
\BOOKMARK [2][-]{subsection.2.3.2}{\376\377\000S\000t\000e\000p\000\040\0002\000\040\040\023\000\040\000S\000e\000a\000r\000c\000h\000\040\000b\000y\000\040\000k\000e\000y\000w\000o\000r\000d}{section.2.3}% 18
\BOOKMARK [2][-]{subsection.2.3.3}{\376\377\000S\000t\000e\000p\000\040\0003\000\040\040\023\000\040\000F\000i\000l\000t\000e\000r\000\040\000t\000o\000\040\000D\000a\000t\000a\000s\000e\000t\000s\000\040\000o\000n\000l\000y}{section.2.3}% 19
\BOOKMARK [2][-]{subsection.2.3.4}{\376\377\000S\000t\000e\000p\000\040\0004\000\040\040\023\000\040\000S\000e\000l\000e\000c\000t\000\040\000a\000\040\000D\000a\000t\000a\000s\000e\000t}{section.2.3}% 20
\BOOKMARK [1][-]{section.2.4}{\376\377\000T\000h\000e\000\040\000D\000a\000t\000a\000s\000e\000t\000\040\000D\000e\000t\000a\000i\000l\000\040\000P\000a\000g\000e}{chapter.2}% 21
\BOOKMARK [2][-]{subsection.2.4.1}{\376\377\000T\000h\000u\000m\000b\000n\000a\000i\000l\000\040\000a\000n\000d\000\040\000A\000c\000t\000i\000o\000n\000s}{section.2.4}% 22
\BOOKMARK [2][-]{subsection.2.4.2}{\376\377\000I\000n\000t\000e\000r\000a\000c\000t\000i\000v\000e\000\040\000P\000r\000e\000v\000i\000e\000w}{section.2.4}% 23
\BOOKMARK [2][-]{subsection.2.4.3}{\376\377\000M\000e\000t\000a\000d\000a\000t\000a\000\040\000P\000a\000n\000e\000l}{section.2.4}% 24
\BOOKMARK [2][-]{subsection.2.4.4}{\376\377\000F\000u\000l\000l\000\040\000M\000e\000t\000a\000d\000a\000t\000a\000\040\000V\000i\000e\000w}{section.2.4}% 25
\BOOKMARK [2][-]{subsection.2.4.5}{\376\377\000D\000o\000w\000n\000l\000o\000a\000d\000i\000n\000g\000\040\000a\000\040\000D\000a\000t\000a\000s\000e\000t}{section.2.4}% 26
\BOOKMARK [0][-]{chapter.3}{\376\377\000M\000a\000n\000a\000g\000i\000n\000g\000\040\000M\000e\000t\000a\000d\000a\000t\000a}{}% 27
\BOOKMARK [1][-]{section.3.1}{\376\377\000W\000h\000o\000\040\000C\000a\000n\000\040\000E\000d\000i\000t\000\040\000M\000e\000t\000a\000d\000a\000t\000a\000?}{chapter.3}% 28
\BOOKMARK [1][-]{section.3.2}{\376\377\000O\000p\000e\000n\000i\000n\000g\000\040\000t\000h\000e\000\040\000M\000e\000t\000a\000d\000a\000t\000a\000\040\000E\000d\000i\000t\000o\000r}{chapter.3}% 29
\BOOKMARK [1][-]{section.3.3}{\376\377\000O\000v\000e\000r\000v\000i\000e\000w\000\040\000o\000f\000\040\000t\000h\000e\000\040\000M\000e\000t\000a\000d\000a\000t\000a\000\040\000E\000d\000i\000t\000o\000r}{chapter.3}% 30
\BOOKMARK [1][-]{section.3.4}{\376\377\000E\000d\000i\000t\000i\000n\000g\000\040\000K\000e\000y\000\040\000M\000e\000t\000a\000d\000a\000t\000a\000\040\000F\000i\000e\000l\000d\000s}{chapter.3}% 31
\BOOKMARK [2][-]{subsection.3.4.1}{\376\377\000T\000i\000t\000l\000e}{section.3.4}% 32
\BOOKMARK [2][-]{subsection.3.4.2}{\376\377\000A\000b\000s\000t\000r\000a\000c\000t}{section.3.4}% 33
\BOOKMARK [2][-]{subsection.3.4.3}{\376\377\000K\000e\000y\000w\000o\000r\000d\000s}{section.3.4}% 34
\BOOKMARK [2][-]{subsection.3.4.4}{\376\377\000C\000a\000t\000e\000g\000o\000r\000y}{section.3.4}% 35
\BOOKMARK [2][-]{subsection.3.4.5}{\376\377\000S\000p\000a\000t\000i\000a\000l\000\040\000E\000x\000t\000e\000n\000t}{section.3.4}% 36
\BOOKMARK [2][-]{subsection.3.4.6}{\376\377\000D\000a\000t\000e\000\040\000F\000i\000e\000l\000d\000s}{section.3.4}% 37
\BOOKMARK [2][-]{subsection.3.4.7}{\376\377\000L\000i\000c\000e\000n\000c\000e}{section.3.4}% 38
\BOOKMARK [2][-]{subsection.3.4.8}{\376\377\000P\000o\000i\000n\000t\000\040\000o\000f\000\040\000C\000o\000n\000t\000a\000c\000t}{section.3.4}% 39
\BOOKMARK [2][-]{subsection.3.4.9}{\376\377\000T\000h\000u\000m\000b\000n\000a\000i\000l}{section.3.4}% 40
\BOOKMARK [1][-]{section.3.5}{\376\377\000S\000a\000v\000i\000n\000g\000\040\000Y\000o\000u\000r\000\040\000C\000h\000a\000n\000g\000e\000s}{chapter.3}% 41
\BOOKMARK [1][-]{section.3.6}{\376\377\000M\000e\000t\000a\000d\000a\000t\000a\000\040\000C\000o\000m\000p\000l\000e\000t\000e\000n\000e\000s\000s\000\040\000C\000h\000e\000c\000k\000l\000i\000s\000t}{chapter.3}% 42
\BOOKMARK [0][-]{chapter.4}{\376\377\000E\000x\000p\000l\000o\000r\000i\000n\000g\000\040\000M\000a\000p\000s}{}% 43
\BOOKMARK [1][-]{section.4.1}{\376\377\000F\000i\000n\000d\000i\000n\000g\000\040\000a\000\040\000M\000a\000p}{chapter.4}% 44
\BOOKMARK [1][-]{section.4.2}{\376\377\000T\000h\000e\000\040\000M\000a\000p\000\040\000V\000i\000e\000w\000e\000r\000\040\000I\000n\000t\000e\000r\000f\000a\000c\000e}{chapter.4}% 45
\BOOKMARK [1][-]{section.4.3}{\376\377\000N\000a\000v\000i\000g\000a\000t\000i\000n\000g\000\040\000t\000h\000e\000\040\000M\000a\000p}{chapter.4}% 46
\BOOKMARK [2][-]{subsection.4.3.1}{\376\377\000B\000a\000s\000i\000c\000\040\000N\000a\000v\000i\000g\000a\000t\000i\000o\000n}{section.4.3}% 47
\BOOKMARK [2][-]{subsection.4.3.2}{\376\377\000G\000o\000i\000n\000g\000\040\000t\000o\000\040\000a\000\040\000S\000p\000e\000c\000i\000f\000i\000c\000\040\000L\000o\000c\000a\000t\000i\000o\000n}{section.4.3}% 48
\BOOKMARK [1][-]{section.4.4}{\376\377\000W\000o\000r\000k\000i\000n\000g\000\040\000w\000i\000t\000h\000\040\000L\000a\000y\000e\000r\000s}{chapter.4}% 49
\BOOKMARK [2][-]{subsection.4.4.1}{\376\377\000O\000p\000e\000n\000i\000n\000g\000\040\000t\000h\000e\000\040\000L\000a\000y\000e\000r\000\040\000P\000a\000n\000e\000l}{section.4.4}% 50
\BOOKMARK [2][-]{subsection.4.4.2}{\376\377\000T\000o\000g\000g\000l\000i\000n\000g\000\040\000L\000a\000y\000e\000r\000\040\000V\000i\000s\000i\000b\000i\000l\000i\000t\000y}{section.4.4}% 51
\BOOKMARK [2][-]{subsection.4.4.3}{\376\377\000C\000h\000a\000n\000g\000i\000n\000g\000\040\000L\000a\000y\000e\000r\000\040\000O\000r\000d\000e\000r}{section.4.4}% 52
\BOOKMARK [2][-]{subsection.4.4.4}{\376\377\000A\000d\000j\000u\000s\000t\000i\000n\000g\000\040\000L\000a\000y\000e\000r\000\040\000O\000p\000a\000c\000i\000t\000y}{section.4.4}% 53
\BOOKMARK [2][-]{subsection.4.4.5}{\376\377\000V\000i\000e\000w\000i\000n\000g\000\040\000t\000h\000e\000\040\000L\000e\000g\000e\000n\000d}{section.4.4}% 54
\BOOKMARK [1][-]{section.4.5}{\376\377\000Q\000u\000e\000r\000y\000i\000n\000g\000\040\000F\000e\000a\000t\000u\000r\000e\000s}{chapter.4}% 55
\BOOKMARK [2][-]{subsection.4.5.1}{\376\377\000C\000l\000i\000c\000k\000i\000n\000g\000\040\000o\000n\000\040\000a\000\040\000F\000e\000a\000t\000u\000r\000e}{section.4.5}% 56
\BOOKMARK [2][-]{subsection.4.5.2}{\376\377\000I\000d\000e\000n\000t\000i\000f\000y\000\040\000T\000o\000o\000l}{section.4.5}% 57
\BOOKMARK [2][-]{subsection.4.5.3}{\376\377\000S\000e\000l\000e\000c\000t\000i\000n\000g\000\040\000a\000n\000d\000\040\000F\000i\000l\000t\000e\000r\000i\000n\000g\000\040\000F\000e\000a\000t\000u\000r\000e\000s}{section.4.5}% 58
\BOOKMARK [1][-]{section.4.6}{\376\377\000M\000e\000a\000s\000u\000r\000e\000m\000e\000n\000t\000\040\000T\000o\000o\000l\000s}{chapter.4}% 59
\BOOKMARK [2][-]{subsection.4.6.1}{\376\377\000D\000i\000s\000t\000a\000n\000c\000e\000\040\000M\000e\000a\000s\000u\000r\000e\000m\000e\000n\000t}{section.4.6}% 60
\BOOKMARK [2][-]{subsection.4.6.2}{\376\377\000A\000r\000e\000a\000\040\000M\000e\000a\000s\000u\000r\000e\000m\000e\000n\000t}{section.4.6}% 61
\BOOKMARK [1][-]{section.4.7}{\376\377\000P\000r\000i\000n\000t\000i\000n\000g\000\040\000a\000n\000d\000\040\000E\000x\000p\000o\000r\000t\000i\000n\000g\000\040\000t\000h\000e\000\040\000M\000a\000p\000\040\000V\000i\000e\000w}{chapter.4}% 62
\BOOKMARK [2][-]{subsection.4.7.1}{\376\377\000P\000r\000i\000n\000t}{section.4.7}% 63
\BOOKMARK [2][-]{subsection.4.7.2}{\376\377\000S\000h\000a\000r\000e\000\040\000/\000\040\000P\000e\000r\000m\000a\000l\000i\000n\000k}{section.4.7}% 64
\BOOKMARK [2][-]{subsection.4.7.3}{\376\377\000E\000m\000b\000e\000d}{section.4.7}% 65
\BOOKMARK [1][-]{section.4.8}{\376\377\000S\000a\000v\000i\000n\000g\000\040\000C\000h\000a\000n\000g\000e\000s\000\040\000t\000o\000\040\000a\000\040\000M\000a\000p}{chapter.4}% 66
\BOOKMARK [1][-]{section.4.9}{\376\377\000C\000r\000e\000a\000t\000i\000n\000g\000\040\000a\000\040\000N\000e\000w\000\040\000M\000a\000p}{chapter.4}% 67
